<html>
<body>
<pre>
<h1>µVision Build Log</h1>
<h2>Project:</h2>
D:\MCA_lab_test\counter_7segment.uvproj
Project File Date:  12/30/2021

<h2>Output:</h2>
Rebuild target 'Target 1'
assembling Startup.s...
compiling Q2.c...
linking...
Program Size: Code=796 RO-data=96 RW-data=0 ZI-data=1256  
FromELF: creating hex file...
".\counter_7segment.axf" - 0 Error(s), 0 Warning(s).
</pre>
</body>
</html>
table statement in block
        unsigned int a[]={0xC0,0xF9,0xA4,0xB0,0x99,0x92,0x82,0xF8,0x80,0x90};
Q2.c(13): error:  #268: declaration may not appear after executable statement in block
    unsigned int b[]={0xC0,0xF9,0xA4,0xB0,0x99,0x92,0x82,0xF8,0x80,0x90};
Q2.c: 0 warnings, 3 errors
".\counter_7segment.axf" - 3 Error(s), 0 Warning(s).
Target not created
